2026/09/15 03:45:34 Downloading https://releases.bazel.build/9.2.0/release/bazel-9.2.0-linux-x86_64...
Extracting Bazel installation...
Starting local Bazel server (9.2.0) and connecting to it...
Computing main repo mapping: 
Computing main repo mapping: 
Computing main repo mapping: 
Computing main repo mapping: 
Computing main repo mapping: 
Computing main repo mapping: 
Loading: 
Loading: 0 packages loaded
Loading: 0 packages loaded
    currently loading: proto
Loading: 0 packages loaded
    currently loading: proto
Loading: 0 packages loaded
    currently loading: proto
Analyzing: 6 targets (5 packages loaded, 6 targets configured)
Analyzing: 6 targets (5 packages loaded, 6 targets configured)

Analyzing: 6 targets (28 packages loaded, 13 targets configured)

Analyzing: 6 targets (74 packages loaded, 13 targets configured)

Analyzing: 6 targets (74 packages loaded, 13 targets configured)

Analyzing: 6 targets (76 packages loaded, 13 targets configured)

Analyzing: 6 targets (76 packages loaded, 13 targets configured)

INFO: Repo protobuf++protoc+prebuilt_protoc.linux_x86_64 defined by rule prebuilt_protoc_repo in @@protobuf+//bazel/private/oss/toolchains/prebuilt:protoc_toolchain.bzl
ERROR: /home/runner/.cache/bazel/_bazel_runner/41a3d591725d4db45a79095875db12c2/external/protobuf+/bazel/private/oss/toolchains/prebuilt/protoc_toolchain.bzl:30:43: An error occurred during the fetch of repository 'protobuf++protoc+prebuilt_protoc.linux_x86_64':
   Traceback (most recent call last):
	File "/home/runner/.cache/bazel/_bazel_runner/41a3d591725d4db45a79095875db12c2/external/protobuf+/bazel/private/oss/toolchains/prebuilt/protoc_toolchain.bzl", line 30, column 43, in _prebuilt_protoc_repo_impl
		sha256 = RELEASED_BINARY_INTEGRITY[filename],
Error: key "protoc-36.1-linux-x86_64.zip" not found in dictionary
ERROR: no such package '@@protobuf++protoc+prebuilt_protoc.linux_x86_64//': key "protoc-36.1-linux-x86_64.zip" not found in dictionary
ERROR: /tmp/bazel_test_136386633/proto/BUILD.bazel:12:14: //proto:greeter_proto depends on @@protobuf++protoc+prebuilt_protoc.linux_x86_64//:prebuilt_protoc_toolchain in repository @@protobuf++protoc+prebuilt_protoc.linux_x86_64 which failed to fetch. no such package '@@protobuf++protoc+prebuilt_protoc.linux_x86_64//': key "protoc-36.1-linux-x86_64.zip" not found in dictionary
ERROR: Analysis of target '//proto:greeter_proto' failed; build aborted: Analysis failed
INFO: Elapsed time: 42.248s, Critical Path: 0.03s
INFO: 1 process: 1 internal.
ERROR: Build did NOT complete successfully
FAILED: 
